[Warning: Unable to locate a personal folder for $documents/MATLAB.] 
Iteration 1 completed. Current sample-mean minimum is 0.104862. New variance estimate is 0.184409.
Iteration 2 completed. Current sample-mean minimum is -0.014984. New variance estimate is 0.133259.
Iteration 3 completed. Current sample-mean minimum is -0.520676. New variance estimate is 0.065265.
Iteration 4 completed. Current sample-mean minimum is -0.520676. New variance estimate is 0.065650.
Iteration 5 completed. Current sample-mean minimum is -0.520676. New variance estimate is 0.065441.

Feasible point with lower objective function value found, but optimality criteria not satisfied. See output.bestfeasible..


Feasible point with lower objective function value found, but optimality criteria not satisfied. See output.bestfeasible..

Iteration 6 completed. Current sample-mean minimum is -0.520676. New variance estimate is 0.065400.
Iteration 7 completed. Current sample-mean minimum is -0.520676. New variance estimate is 0.065385.
Iteration 8 completed. Current sample-mean minimum is -0.520676. New variance estimate is 0.065371.
Iteration 9 completed. Current sample-mean minimum is -0.520676. New variance estimate is 0.065356.
Iteration 10 completed. Current sample-mean minimum is -0.520676. New variance estimate is 0.065343.
Iteration 11 completed. Current sample-mean minimum is -0.520676. New variance estimate is 0.065330.

Feasible point with lower objective function value found, but optimality criteria not satisfied. See output.bestfeasible..

Iteration 12 completed. Current sample-mean minimum is -0.520676. New variance estimate is 0.065319.

Feasible point with lower objective function value found, but optimality criteria not satisfied. See output.bestfeasible..

Iteration 13 completed. Current sample-mean minimum is -0.520676. New variance estimate is 0.065307.
Iteration 14 completed. Current sample-mean minimum is -0.520676. New variance estimate is 0.065302.
Iteration 15 completed. Current sample-mean minimum is -0.520676. New variance estimate is 0.065297.
Iteration 16 completed. Current sample-mean minimum is -0.520676. New variance estimate is 0.065292.
Iteration 17 completed. Current sample-mean minimum is -0.520676. New variance estimate is 0.065289.
Iteration 18 completed. Current sample-mean minimum is -0.520676. New variance estimate is 0.065285.
Iteration 19 completed. Current sample-mean minimum is -0.520676. New variance estimate is 0.065281.

Feasible point with lower objective function value found, but optimality criteria not satisfied. See output.bestfeasible..

Iteration 20 completed. Current sample-mean minimum is -0.520676. New variance estimate is 0.065280.
Iteration 21 completed. Current sample-mean minimum is -0.520676. New variance estimate is 0.065278.
Iteration 22 completed. Current sample-mean minimum is -0.520676. New variance estimate is 0.065276.

Feasible point with lower objective function value found, but optimality criteria not satisfied. See output.bestfeasible..

Iteration 23 completed. Current sample-mean minimum is -0.520676. New variance estimate is 0.065274.
Iteration 24 completed. Current sample-mean minimum is -0.520676. New variance estimate is 0.065272.
Iteration 25 completed. Current sample-mean minimum is -0.520676. New variance estimate is 0.065271.
Iteration 26 completed. Current sample-mean minimum is -0.520676. New variance estimate is 0.065269.

Feasible point with lower objective function value found, but optimality criteria not satisfied. See output.bestfeasible..

Iteration 27 completed. Current sample-mean minimum is -0.520676. New variance estimate is 0.065268.
Iteration 28 completed. Current sample-mean minimum is -0.520676. New variance estimate is 0.065267.
Iteration 29 completed. Current sample-mean minimum is -0.520676. New variance estimate is 0.065266.
Iteration 30 completed. Current sample-mean minimum is -0.520687. New variance estimate is 0.065265.
Iteration 31 completed. Current sample-mean minimum is -0.520727. New variance estimate is 0.065264.

Feasible point with lower objective function value found, but optimality criteria not satisfied. See output.bestfeasible..


Feasible point with lower objective function value found, but optimality criteria not satisfied. See output.bestfeasible..

Iteration 32 completed. Current sample-mean minimum is -0.520764. New variance estimate is 0.065263.

Feasible point with lower objective function value found, but optimality criteria not satisfied. See output.bestfeasible..


Feasible point with lower objective function value found, but optimality criteria not satisfied. See output.bestfeasible..


Feasible point with lower objective function value found, but optimality criteria not satisfied. See output.bestfeasible..

Iteration 33 completed. Current sample-mean minimum is -0.520797. New variance estimate is 0.065262.
Iteration 34 completed. Current sample-mean minimum is -0.520829. New variance estimate is 0.065261.

Feasible point with lower objective function value found, but optimality criteria not satisfied. See output.bestfeasible..


Feasible point with lower objective function value found, but optimality criteria not satisfied. See output.bestfeasible..

Iteration 35 completed. Current sample-mean minimum is -0.520858. New variance estimate is 0.065260.

Feasible point with lower objective function value found, but optimality criteria not satisfied. See output.bestfeasible..


Feasible point with lower objective function value found, but optimality criteria not satisfied. See output.bestfeasible..


Feasible point with lower objective function value found, but optimality criteria not satisfied. See output.bestfeasible..

Iteration 36 completed. Current sample-mean minimum is -0.520870. New variance estimate is 0.065260.

Feasible point with lower objective function value found, but optimality criteria not satisfied. See output.bestfeasible..


Feasible point with lower objective function value found, but optimality criteria not satisfied. See output.bestfeasible..

Iteration 37 completed. Current sample-mean minimum is -0.520910. New variance estimate is 0.065259.
Iteration 38 completed. Current sample-mean minimum is -0.520934. New variance estimate is 0.065258.
Iteration 39 completed. Current sample-mean minimum is -0.520956. New variance estimate is 0.065257.

Feasible point with lower objective function value found, but optimality criteria not satisfied. See output.bestfeasible..


Feasible point with lower objective function value found, but optimality criteria not satisfied. See output.bestfeasible..


Feasible point with lower objective function value found, but optimality criteria not satisfied. See output.bestfeasible..

Iteration 40 completed. Current sample-mean minimum is -0.520977. New variance estimate is 0.065257.

Feasible point with lower objective function value found, but optimality criteria not satisfied. See output.bestfeasible..


Feasible point with lower objective function value found, but optimality criteria not satisfied. See output.bestfeasible..

Iteration 41 completed. Current sample-mean minimum is -0.520998. New variance estimate is 0.065256.

Feasible point with lower objective function value found, but optimality criteria not satisfied. See output.bestfeasible..


Feasible point with lower objective function value found, but optimality criteria not satisfied. See output.bestfeasible..


Feasible point with lower objective function value found, but optimality criteria not satisfied. See output.bestfeasible..

Iteration 42 completed. Current sample-mean minimum is -0.521017. New variance estimate is 0.065255.

Feasible point with lower objective function value found, but optimality criteria not satisfied. See output.bestfeasible..


Feasible point with lower objective function value found, but optimality criteria not satisfied. See output.bestfeasible..

Iteration 43 completed. Current sample-mean minimum is -0.521035. New variance estimate is 0.065255.

Feasible point with lower objective function value found, but optimality criteria not satisfied. See output.bestfeasible..

Iteration 44 completed. Current sample-mean minimum is -0.521053. New variance estimate is 0.065254.

Feasible point with lower objective function value found, but optimality criteria not satisfied. See output.bestfeasible..

Iteration 45 completed. Current sample-mean minimum is -0.521069. New variance estimate is 0.065254.

Feasible point with lower objective function value found, but optimality criteria not satisfied. See output.bestfeasible..


Feasible point with lower objective function value found, but optimality criteria not satisfied. See output.bestfeasible..


Feasible point with lower objective function value found, but optimality criteria not satisfied. See output.bestfeasible..


Feasible point with lower objective function value found, but optimality criteria not satisfied. See output.bestfeasible..


Feasible point with lower objective function value found, but optimality criteria not satisfied. See output.bestfeasible..

Iteration 46 completed. Current sample-mean minimum is -0.521085. New variance estimate is 0.065253.

Feasible point with lower objective function value found, but optimality criteria not satisfied. See output.bestfeasible..


Feasible point with lower objective function value found, but optimality criteria not satisfied. See output.bestfeasible..

Iteration 47 completed. Current sample-mean minimum is -0.521101. New variance estimate is 0.065253.

Feasible point with lower objective function value found, but optimality criteria not satisfied. See output.bestfeasible..


Feasible point with lower objective function value found, but optimality criteria not satisfied. See output.bestfeasible..


Feasible point with lower objective function value found, but optimality criteria not satisfied. See output.bestfeasible..

Iteration 48 completed. Current sample-mean minimum is -0.521115. New variance estimate is 0.065252.

Feasible point with lower objective function value found, but optimality criteria not satisfied. See output.bestfeasible..


Feasible point with lower objective function value found, but optimality criteria not satisfied. See output.bestfeasible..

Iteration 49 completed. Current sample-mean minimum is -0.521129. New variance estimate is 0.065252.

Feasible point with lower objective function value found, but optimality criteria not satisfied. See output.bestfeasible..

Iteration 50 completed. Current sample-mean minimum is -0.521143. New variance estimate is 0.065251.
DONE sixhump_camel heter_LVGP acf=pi param=NaN n_rep=10 seed=19 final=-0.521143 238.8s
