[Warning: Unable to locate a personal folder for $documents/MATLAB.] 

Feasible point with lower objective function value found, but optimality criteria not satisfied. See output.bestfeasible..

Iteration 1 completed. Current sample-mean minimum is 0.006381. New variance estimate is 0.095138.

Feasible point with lower objective function value found, but optimality criteria not satisfied. See output.bestfeasible..

Iteration 2 completed. Current sample-mean minimum is 0.006381. New variance estimate is 0.007664.

Feasible point with lower objective function value found, but optimality criteria not satisfied. See output.bestfeasible..


Feasible point with lower objective function value found, but optimality criteria not satisfied. See output.bestfeasible..

Iteration 3 completed. Current sample-mean minimum is 0.006381. New variance estimate is 0.029161.

Feasible point with lower objective function value found, but optimality criteria not satisfied. See output.bestfeasible..

Iteration 4 completed. Current sample-mean minimum is 0.006381. New variance estimate is 0.029323.

Feasible point with lower objective function value found, but optimality criteria not satisfied. See output.bestfeasible..


Feasible point with lower objective function value found, but optimality criteria not satisfied. See output.bestfeasible..

Iteration 5 completed. Current sample-mean minimum is 0.006381. New variance estimate is 0.029266.
Iteration 6 completed. Current sample-mean minimum is 0.006381. New variance estimate is 0.016439.

Feasible point with lower objective function value found, but optimality criteria not satisfied. See output.bestfeasible..

Iteration 7 completed. Current sample-mean minimum is 0.006381. New variance estimate is 0.007370.

Feasible point with lower objective function value found, but optimality criteria not satisfied. See output.bestfeasible..

Iteration 8 completed. Current sample-mean minimum is 0.006381. New variance estimate is 0.147276.

Feasible point with lower objective function value found, but optimality criteria not satisfied. See output.bestfeasible..


Feasible point with lower objective function value found, but optimality criteria not satisfied. See output.bestfeasible..

Iteration 9 completed. Current sample-mean minimum is 0.006381. New variance estimate is 0.147276.

Feasible point with lower objective function value found, but optimality criteria not satisfied. See output.bestfeasible..


Feasible point with lower objective function value found, but optimality criteria not satisfied. See output.bestfeasible..

Iteration 10 completed. Current sample-mean minimum is 0.006381. New variance estimate is 0.261823.

Feasible point with lower objective function value found, but optimality criteria not satisfied. See output.bestfeasible..


Feasible point with lower objective function value found, but optimality criteria not satisfied. See output.bestfeasible..


Feasible point with lower objective function value found, but optimality criteria not satisfied. See output.bestfeasible..

Iteration 11 completed. Current sample-mean minimum is 0.006381. New variance estimate is 0.261823.

Feasible point with lower objective function value found, but optimality criteria not satisfied. See output.bestfeasible..


Feasible point with lower objective function value found, but optimality criteria not satisfied. See output.bestfeasible..

Iteration 12 completed. Current sample-mean minimum is 0.006381. New variance estimate is 0.045068.

Feasible point with lower objective function value found, but optimality criteria not satisfied. See output.bestfeasible..


Feasible point with lower objective function value found, but optimality criteria not satisfied. See output.bestfeasible..


Feasible point with lower objective function value found, but optimality criteria not satisfied. See output.bestfeasible..

Iteration 13 completed. Current sample-mean minimum is 0.006381. New variance estimate is 0.028928.

Feasible point with lower objective function value found, but optimality criteria not satisfied. See output.bestfeasible..


Feasible point with lower objective function value found, but optimality criteria not satisfied. See output.bestfeasible..


Solver stopped prematurely.

fmincon stopped because it exceeded the iteration limit,
options.MaxIterations = 1.000000e+02.

Iteration 14 completed. Current sample-mean minimum is 0.006381. New variance estimate is 0.083920.
Iteration 15 completed. Current sample-mean minimum is 0.006381. New variance estimate is 0.057054.

Feasible point with lower objective function value found, but optimality criteria not satisfied. See output.bestfeasible..


Feasible point with lower objective function value found, but optimality criteria not satisfied. See output.bestfeasible..

Iteration 16 completed. Current sample-mean minimum is 0.006381. New variance estimate is 0.020059.

Feasible point with lower objective function value found, but optimality criteria not satisfied. See output.bestfeasible..

Iteration 17 completed. Current sample-mean minimum is 0.006381. New variance estimate is 0.203683.

Feasible point with lower objective function value found, but optimality criteria not satisfied. See output.bestfeasible..


Feasible point with lower objective function value found, but optimality criteria not satisfied. See output.bestfeasible..


Feasible point with lower objective function value found, but optimality criteria not satisfied. See output.bestfeasible..

Iteration 18 completed. Current sample-mean minimum is 0.006381. New variance estimate is 0.089863.

Feasible point with lower objective function value found, but optimality criteria not satisfied. See output.bestfeasible..


Feasible point with lower objective function value found, but optimality criteria not satisfied. See output.bestfeasible..


Feasible point with lower objective function value found, but optimality criteria not satisfied. See output.bestfeasible..

Iteration 19 completed. Current sample-mean minimum is 0.006381. New variance estimate is 0.106365.

Feasible point with lower objective function value found, but optimality criteria not satisfied. See output.bestfeasible..


Feasible point with lower objective function value found, but optimality criteria not satisfied. See output.bestfeasible..


Feasible point with lower objective function value found, but optimality criteria not satisfied. See output.bestfeasible..

Iteration 20 completed. Current sample-mean minimum is 0.006381. New variance estimate is 0.033355.

Feasible point with lower objective function value found, but optimality criteria not satisfied. See output.bestfeasible..


Feasible point with lower objective function value found, but optimality criteria not satisfied. See output.bestfeasible..


Feasible point with lower objective function value found, but optimality criteria not satisfied. See output.bestfeasible..


Solver stopped prematurely.

fmincon stopped because it exceeded the iteration limit,
options.MaxIterations = 1.000000e+02.

Iteration 21 completed. Current sample-mean minimum is 0.006381. New variance estimate is 0.635408.

Solver stopped prematurely.

fmincon stopped because it exceeded the iteration limit,
options.MaxIterations = 1.000000e+02.


Solver stopped prematurely.

fmincon stopped because it exceeded the iteration limit,
options.MaxIterations = 1.000000e+02.

Iteration 22 completed. Current sample-mean minimum is 0.006381. New variance estimate is 0.023720.

Solver stopped prematurely.

fmincon stopped because it exceeded the iteration limit,
options.MaxIterations = 1.000000e+02.

Iteration 23 completed. Current sample-mean minimum is 0.006381. New variance estimate is 0.224518.

Feasible point with lower objective function value found, but optimality criteria not satisfied. See output.bestfeasible..

Iteration 24 completed. Current sample-mean minimum is 0.006381. New variance estimate is 0.125051.
Iteration 25 completed. Current sample-mean minimum is 0.006381. New variance estimate is 0.801834.

Feasible point with lower objective function value found, but optimality criteria not satisfied. See output.bestfeasible..


Feasible point with lower objective function value found, but optimality criteria not satisfied. See output.bestfeasible..


Solver stopped prematurely.

fmincon stopped because it exceeded the iteration limit,
options.MaxIterations = 1.000000e+02.

Iteration 26 completed. Current sample-mean minimum is 0.006381. New variance estimate is 0.052599.

Feasible point with lower objective function value found, but optimality criteria not satisfied. See output.bestfeasible..


Feasible point with lower objective function value found, but optimality criteria not satisfied. See output.bestfeasible..


Feasible point with lower objective function value found, but optimality criteria not satisfied. See output.bestfeasible..

Iteration 27 completed. Current sample-mean minimum is 0.006381. New variance estimate is 0.801833.

Feasible point with lower objective function value found, but optimality criteria not satisfied. See output.bestfeasible..


Feasible point with lower objective function value found, but optimality criteria not satisfied. See output.bestfeasible..

Iteration 28 completed. Current sample-mean minimum is 0.006381. New variance estimate is 0.132205.

Feasible point with lower objective function value found, but optimality criteria not satisfied. See output.bestfeasible..


Feasible point with lower objective function value found, but optimality criteria not satisfied. See output.bestfeasible..


Feasible point with lower objective function value found, but optimality criteria not satisfied. See output.bestfeasible..


Feasible point with lower objective function value found, but optimality criteria not satisfied. See output.bestfeasible..


Solver stopped prematurely.

fmincon stopped because it exceeded the iteration limit,
options.MaxIterations = 1.000000e+02.

Iteration 29 completed. Current sample-mean minimum is 0.006381. New variance estimate is 0.392604.

Feasible point with lower objective function value found, but optimality criteria not satisfied. See output.bestfeasible..


Feasible point with lower objective function value found, but optimality criteria not satisfied. See output.bestfeasible..

Iteration 30 completed. Current sample-mean minimum is 0.006381. New variance estimate is 0.068435.

Feasible point with lower objective function value found, but optimality criteria not satisfied. See output.bestfeasible..


Feasible point with lower objective function value found, but optimality criteria not satisfied. See output.bestfeasible..


Feasible point with lower objective function value found, but optimality criteria not satisfied. See output.bestfeasible..


Solver stopped prematurely.

fmincon stopped because it exceeded the iteration limit,
options.MaxIterations = 1.000000e+02.

Iteration 31 completed. Current sample-mean minimum is 0.006381. New variance estimate is 0.120941.

Feasible point with lower objective function value found, but optimality criteria not satisfied. See output.bestfeasible..


Feasible point with lower objective function value found, but optimality criteria not satisfied. See output.bestfeasible..

Iteration 32 completed. Current sample-mean minimum is 0.006381. New variance estimate is 0.055773.

Feasible point with lower objective function value found, but optimality criteria not satisfied. See output.bestfeasible..


Feasible point with lower objective function value found, but optimality criteria not satisfied. See output.bestfeasible..


Solver stopped prematurely.

fmincon stopped because it exceeded the iteration limit,
options.MaxIterations = 1.000000e+02.

Iteration 33 completed. Current sample-mean minimum is 0.006381. New variance estimate is 0.801833.

Feasible point with lower objective function value found, but optimality criteria not satisfied. See output.bestfeasible..


Solver stopped prematurely.

fmincon stopped because it exceeded the iteration limit,
options.MaxIterations = 1.000000e+02.

Iteration 34 completed. Current sample-mean minimum is 0.006381. New variance estimate is 0.089416.

Feasible point with lower objective function value found, but optimality criteria not satisfied. See output.bestfeasible..


Feasible point with lower objective function value found, but optimality criteria not satisfied. See output.bestfeasible..

Iteration 35 completed. Current sample-mean minimum is 0.006381. New variance estimate is 0.091829.

Feasible point with lower objective function value found, but optimality criteria not satisfied. See output.bestfeasible..

Iteration 36 completed. Current sample-mean minimum is 0.006381. New variance estimate is 0.065456.

Feasible point with lower objective function value found, but optimality criteria not satisfied. See output.bestfeasible..

Iteration 37 completed. Current sample-mean minimum is 0.006381. New variance estimate is 0.090291.

Feasible point with lower objective function value found, but optimality criteria not satisfied. See output.bestfeasible..

Iteration 38 completed. Current sample-mean minimum is 0.006381. New variance estimate is 0.016702.

Feasible point with lower objective function value found, but optimality criteria not satisfied. See output.bestfeasible..


Feasible point with lower objective function value found, but optimality criteria not satisfied. See output.bestfeasible..

Iteration 39 completed. Current sample-mean minimum is 0.006381. New variance estimate is 0.029129.

Feasible point with lower objective function value found, but optimality criteria not satisfied. See output.bestfeasible..

Iteration 40 completed. Current sample-mean minimum is 0.006381. New variance estimate is 0.029098.

Feasible point with lower objective function value found, but optimality criteria not satisfied. See output.bestfeasible..


Feasible point with lower objective function value found, but optimality criteria not satisfied. See output.bestfeasible..


Feasible point with lower objective function value found, but optimality criteria not satisfied. See output.bestfeasible..

Iteration 41 completed. Current sample-mean minimum is 0.006381. New variance estimate is 0.096969.

Feasible point with lower objective function value found, but optimality criteria not satisfied. See output.bestfeasible..

Iteration 42 completed. Current sample-mean minimum is 0.006381. New variance estimate is 0.029102.

Feasible point with lower objective function value found, but optimality criteria not satisfied. See output.bestfeasible..

Iteration 43 completed. Current sample-mean minimum is 0.006381. New variance estimate is 0.079424.

Feasible point with lower objective function value found, but optimality criteria not satisfied. See output.bestfeasible..

Iteration 44 completed. Current sample-mean minimum is 0.006381. New variance estimate is 0.089094.
Iteration 45 completed. Current sample-mean minimum is 0.006381. New variance estimate is 0.029108.

Feasible point with lower objective function value found, but optimality criteria not satisfied. See output.bestfeasible..


Feasible point with lower objective function value found, but optimality criteria not satisfied. See output.bestfeasible..

Iteration 46 completed. Current sample-mean minimum is 0.006381. New variance estimate is 0.035235.
Iteration 47 completed. Current sample-mean minimum is 0.006381. New variance estimate is 0.801834.
Iteration 48 completed. Current sample-mean minimum is 0.006381. New variance estimate is 0.692198.

Feasible point with lower objective function value found, but optimality criteria not satisfied. See output.bestfeasible..


Solver stopped prematurely.

fmincon stopped because it exceeded the iteration limit,
options.MaxIterations = 1.000000e+02.


Solver stopped prematurely.

fmincon stopped because it exceeded the iteration limit,
options.MaxIterations = 1.000000e+02.

Iteration 49 completed. Current sample-mean minimum is 0.006381. New variance estimate is 0.261823.

Feasible point with lower objective function value found, but optimality criteria not satisfied. See output.bestfeasible..


Feasible point with lower objective function value found, but optimality criteria not satisfied. See output.bestfeasible..

Iteration 50 completed. Current sample-mean minimum is 0.006381. New variance estimate is 0.007287.
DONE griewank_2d heter_LVGP acf=rahbo param=0.5 n_rep=3 seed=7 final=0.00638058 330.1s
