[Warning: Unable to locate a personal folder for $documents/MATLAB.] 

Feasible point with lower objective function value found, but optimality criteria not satisfied. See output.bestfeasible..

Iteration 1 completed. Current sample-mean minimum is -0.000427. New variance estimate is 1.021792.

Feasible point with lower objective function value found, but optimality criteria not satisfied. See output.bestfeasible..


Feasible point with lower objective function value found, but optimality criteria not satisfied. See output.bestfeasible..


Feasible point with lower objective function value found, but optimality criteria not satisfied. See output.bestfeasible..


Feasible point with lower objective function value found, but optimality criteria not satisfied. See output.bestfeasible..


Feasible point with lower objective function value found, but optimality criteria not satisfied. See output.bestfeasible..


Feasible point with lower objective function value found, but optimality criteria not satisfied. See output.bestfeasible..

Iteration 2 completed. Current sample-mean minimum is -0.996006. New variance estimate is 0.025797.

Feasible point with lower objective function value found, but optimality criteria not satisfied. See output.bestfeasible..


Feasible point with lower objective function value found, but optimality criteria not satisfied. See output.bestfeasible..


Feasible point with lower objective function value found, but optimality criteria not satisfied. See output.bestfeasible..

Iteration 3 completed. Current sample-mean minimum is -0.999736. New variance estimate is 0.025780.
Iteration 4 completed. Current sample-mean minimum is -0.999736. New variance estimate is 0.026862.

Feasible point with lower objective function value found, but optimality criteria not satisfied. See output.bestfeasible..

Iteration 5 completed. Current sample-mean minimum is -0.999736. New variance estimate is 0.025613.

Feasible point with lower objective function value found, but optimality criteria not satisfied. See output.bestfeasible..

Iteration 6 completed. Current sample-mean minimum is -1.012216. New variance estimate is 0.025585.

Feasible point with lower objective function value found, but optimality criteria not satisfied. See output.bestfeasible..

Iteration 7 completed. Current sample-mean minimum is -1.015952. New variance estimate is 0.025596.
Iteration 8 completed. Current sample-mean minimum is -1.017764. New variance estimate is 0.025604.

Feasible point with lower objective function value found, but optimality criteria not satisfied. See output.bestfeasible..

Iteration 9 completed. Current sample-mean minimum is -1.018815. New variance estimate is 0.025613.
Iteration 10 completed. Current sample-mean minimum is -1.019403. New variance estimate is 0.025621.
Iteration 11 completed. Current sample-mean minimum is -1.019661. New variance estimate is 0.025629.
Iteration 12 completed. Current sample-mean minimum is -1.019661. New variance estimate is 0.025637.
Iteration 13 completed. Current sample-mean minimum is -1.019661. New variance estimate is 0.025645.
Iteration 14 completed. Current sample-mean minimum is -1.019661. New variance estimate is 0.025652.
Iteration 15 completed. Current sample-mean minimum is -1.019661. New variance estimate is 0.025659.
Iteration 16 completed. Current sample-mean minimum is -1.019661. New variance estimate is 0.025588.

Feasible point with lower objective function value found, but optimality criteria not satisfied. See output.bestfeasible..

Iteration 17 completed. Current sample-mean minimum is -1.019661. New variance estimate is 0.025721.

Feasible point with lower objective function value found, but optimality criteria not satisfied. See output.bestfeasible..


Feasible point with lower objective function value found, but optimality criteria not satisfied. See output.bestfeasible..

Iteration 18 completed. Current sample-mean minimum is -1.019661. New variance estimate is 0.025785.

Feasible point with lower objective function value found, but optimality criteria not satisfied. See output.bestfeasible..


Feasible point with lower objective function value found, but optimality criteria not satisfied. See output.bestfeasible..

Iteration 19 completed. Current sample-mean minimum is -1.019661. New variance estimate is 0.025766.

Feasible point with lower objective function value found, but optimality criteria not satisfied. See output.bestfeasible..


Solver stopped prematurely.

fmincon stopped because it exceeded the iteration limit,
options.MaxIterations = 1.000000e+02.

Iteration 20 completed. Current sample-mean minimum is -1.019661. New variance estimate is 0.025573.
Iteration 21 completed. Current sample-mean minimum is -1.019661. New variance estimate is 0.025771.

Feasible point with lower objective function value found, but optimality criteria not satisfied. See output.bestfeasible..


Feasible point with lower objective function value found, but optimality criteria not satisfied. See output.bestfeasible..


Feasible point with lower objective function value found, but optimality criteria not satisfied. See output.bestfeasible..


Feasible point with lower objective function value found, but optimality criteria not satisfied. See output.bestfeasible..

Iteration 22 completed. Current sample-mean minimum is -1.019661. New variance estimate is 0.025578.

Feasible point with lower objective function value found, but optimality criteria not satisfied. See output.bestfeasible..


Feasible point with lower objective function value found, but optimality criteria not satisfied. See output.bestfeasible..

Iteration 23 completed. Current sample-mean minimum is -1.019661. New variance estimate is 0.025755.

Feasible point with lower objective function value found, but optimality criteria not satisfied. See output.bestfeasible..


Feasible point with lower objective function value found, but optimality criteria not satisfied. See output.bestfeasible..

Iteration 24 completed. Current sample-mean minimum is -1.019661. New variance estimate is 0.025742.
Iteration 25 completed. Current sample-mean minimum is -1.019661. New variance estimate is 0.025580.

Solver stopped prematurely.

fmincon stopped because it exceeded the iteration limit,
options.MaxIterations = 1.000000e+02.

Iteration 26 completed. Current sample-mean minimum is -1.019661. New variance estimate is 0.025744.

Feasible point with lower objective function value found, but optimality criteria not satisfied. See output.bestfeasible..

Iteration 27 completed. Current sample-mean minimum is -1.019661. New variance estimate is 0.025739.
Iteration 28 completed. Current sample-mean minimum is -1.019661. New variance estimate is 0.025582.

Feasible point with lower objective function value found, but optimality criteria not satisfied. See output.bestfeasible..

Iteration 29 completed. Current sample-mean minimum is -1.019661. New variance estimate is 0.025735.
Iteration 30 completed. Current sample-mean minimum is -1.019661. New variance estimate is 0.025586.
Iteration 31 completed. Current sample-mean minimum is -1.019661. New variance estimate is 0.025746.

Feasible point with lower objective function value found, but optimality criteria not satisfied. See output.bestfeasible..

Iteration 32 completed. Current sample-mean minimum is -1.019661. New variance estimate is 0.025588.
Iteration 33 completed. Current sample-mean minimum is -1.019661. New variance estimate is 0.025737.

Feasible point with lower objective function value found, but optimality criteria not satisfied. See output.bestfeasible..

Iteration 34 completed. Current sample-mean minimum is -1.019661. New variance estimate is 0.025591.

Feasible point with lower objective function value found, but optimality criteria not satisfied. See output.bestfeasible..

Iteration 35 completed. Current sample-mean minimum is -1.019661. New variance estimate is 0.025738.
Iteration 36 completed. Current sample-mean minimum is -1.019661. New variance estimate is 0.025730.

Feasible point with lower objective function value found, but optimality criteria not satisfied. See output.bestfeasible..

Iteration 37 completed. Current sample-mean minimum is -1.019661. New variance estimate is 0.025591.

Feasible point with lower objective function value found, but optimality criteria not satisfied. See output.bestfeasible..


Feasible point with lower objective function value found, but optimality criteria not satisfied. See output.bestfeasible..

Iteration 38 completed. Current sample-mean minimum is -1.019661. New variance estimate is 0.025732.

Feasible point with lower objective function value found, but optimality criteria not satisfied. See output.bestfeasible..


Feasible point with lower objective function value found, but optimality criteria not satisfied. See output.bestfeasible..

Iteration 39 completed. Current sample-mean minimum is -1.019661. New variance estimate is 0.025593.
Iteration 40 completed. Current sample-mean minimum is -1.019661. New variance estimate is 0.025733.
Iteration 41 completed. Current sample-mean minimum is -1.019661. New variance estimate is 0.025595.
Iteration 42 completed. Current sample-mean minimum is -1.019661. New variance estimate is 0.025733.
Iteration 43 completed. Current sample-mean minimum is -1.019661. New variance estimate is 0.025727.

Feasible point with lower objective function value found, but optimality criteria not satisfied. See output.bestfeasible..

Iteration 44 completed. Current sample-mean minimum is -1.019661. New variance estimate is 0.025594.
Iteration 45 completed. Current sample-mean minimum is -1.019661. New variance estimate is 0.025729.
Iteration 46 completed. Current sample-mean minimum is -1.019661. New variance estimate is 0.025596.

Feasible point with lower objective function value found, but optimality criteria not satisfied. See output.bestfeasible..


Feasible point with lower objective function value found, but optimality criteria not satisfied. See output.bestfeasible..


Feasible point with lower objective function value found, but optimality criteria not satisfied. See output.bestfeasible..

Iteration 47 completed. Current sample-mean minimum is -1.019661. New variance estimate is 0.025729.
Iteration 48 completed. Current sample-mean minimum is -1.019661. New variance estimate is 0.025597.

Feasible point with lower objective function value found, but optimality criteria not satisfied. See output.bestfeasible..

Iteration 49 completed. Current sample-mean minimum is -1.019661. New variance estimate is 0.025730.

Feasible point with lower objective function value found, but optimality criteria not satisfied. See output.bestfeasible..


Feasible point with lower objective function value found, but optimality criteria not satisfied. See output.bestfeasible..

Iteration 50 completed. Current sample-mean minimum is -1.019661. New variance estimate is 0.025725.
DONE sixhump_camel heter_LVGP acf=lcb param=NaN n_rep=3 seed=3 final=-1.01966 348.0s
