[Warning: Unable to locate a personal folder for $documents/MATLAB.] 

Feasible point with lower objective function value found, but optimality criteria not satisfied. See output.bestfeasible..


Feasible point with lower objective function value found, but optimality criteria not satisfied. See output.bestfeasible..

Iteration 1 completed. Current sample-mean minimum is -1.021963. New variance estimate is 0.091961.

Feasible point with lower objective function value found, but optimality criteria not satisfied. See output.bestfeasible..


Feasible point with lower objective function value found, but optimality criteria not satisfied. See output.bestfeasible..


Feasible point with lower objective function value found, but optimality criteria not satisfied. See output.bestfeasible..

Iteration 2 completed. Current sample-mean minimum is -1.021963. New variance estimate is 0.284267.

Feasible point with lower objective function value found, but optimality criteria not satisfied. See output.bestfeasible..

Iteration 3 completed. Current sample-mean minimum is -1.021963. New variance estimate is 0.027072.
Iteration 4 completed. Current sample-mean minimum is -1.021963. New variance estimate is 0.163487.

Feasible point with lower objective function value found, but optimality criteria not satisfied. See output.bestfeasible..


Feasible point with lower objective function value found, but optimality criteria not satisfied. See output.bestfeasible..


Solver stopped prematurely.

fmincon stopped because it exceeded the iteration limit,
options.MaxIterations = 1.000000e+02.


Solver stopped prematurely.

fmincon stopped because it exceeded the iteration limit,
options.MaxIterations = 1.000000e+02.

Iteration 5 completed. Current sample-mean minimum is -1.021963. New variance estimate is 0.046797.
Iteration 6 completed. Current sample-mean minimum is -1.021963. New variance estimate is 0.025645.
Iteration 7 completed. Current sample-mean minimum is -1.021963. New variance estimate is 0.163487.

Feasible point with lower objective function value found, but optimality criteria not satisfied. See output.bestfeasible..

Iteration 8 completed. Current sample-mean minimum is -1.021963. New variance estimate is 1.021792.

Feasible point with lower objective function value found, but optimality criteria not satisfied. See output.bestfeasible..

Iteration 9 completed. Current sample-mean minimum is -1.021963. New variance estimate is 0.147445.

Feasible point with lower objective function value found, but optimality criteria not satisfied. See output.bestfeasible..


Feasible point with lower objective function value found, but optimality criteria not satisfied. See output.bestfeasible..

Iteration 10 completed. Current sample-mean minimum is -1.021963. New variance estimate is 0.082366.

Feasible point with lower objective function value found, but optimality criteria not satisfied. See output.bestfeasible..


Solver stopped prematurely.

fmincon stopped because it exceeded the iteration limit,
options.MaxIterations = 1.000000e+02.

Iteration 11 completed. Current sample-mean minimum is -1.021963. New variance estimate is 1.021792.
Iteration 12 completed. Current sample-mean minimum is -1.021963. New variance estimate is 0.091961.

Feasible point with lower objective function value found, but optimality criteria not satisfied. See output.bestfeasible..


Feasible point with lower objective function value found, but optimality criteria not satisfied. See output.bestfeasible..

Iteration 13 completed. Current sample-mean minimum is -1.021963. New variance estimate is 0.040326.
Iteration 14 completed. Current sample-mean minimum is -1.021963. New variance estimate is 0.050226.

Feasible point with lower objective function value found, but optimality criteria not satisfied. See output.bestfeasible..

Iteration 15 completed. Current sample-mean minimum is -1.021963. New variance estimate is 0.058822.
Iteration 16 completed. Current sample-mean minimum is -1.021963. New variance estimate is 0.304425.
Iteration 17 completed. Current sample-mean minimum is -1.021963. New variance estimate is 0.311437.
Iteration 18 completed. Current sample-mean minimum is -1.021963. New variance estimate is 0.045730.

Feasible point with lower objective function value found, but optimality criteria not satisfied. See output.bestfeasible..


Feasible point with lower objective function value found, but optimality criteria not satisfied. See output.bestfeasible..

Iteration 19 completed. Current sample-mean minimum is -1.021963. New variance estimate is 0.675020.

Feasible point with lower objective function value found, but optimality criteria not satisfied. See output.bestfeasible..

Iteration 20 completed. Current sample-mean minimum is -1.021963. New variance estimate is 0.034237.

Feasible point with lower objective function value found, but optimality criteria not satisfied. See output.bestfeasible..

Iteration 21 completed. Current sample-mean minimum is -1.021963. New variance estimate is 0.062321.
Iteration 22 completed. Current sample-mean minimum is -1.021963. New variance estimate is 0.139262.
Iteration 23 completed. Current sample-mean minimum is -1.021963. New variance estimate is 0.027014.
Iteration 24 completed. Current sample-mean minimum is -1.021963. New variance estimate is 0.068935.
Iteration 25 completed. Current sample-mean minimum is -1.021963. New variance estimate is 0.025825.
Iteration 26 completed. Current sample-mean minimum is -1.021963. New variance estimate is 0.025795.
Iteration 27 completed. Current sample-mean minimum is -1.021963. New variance estimate is 0.670810.
Iteration 28 completed. Current sample-mean minimum is -1.021963. New variance estimate is 0.355967.
Iteration 29 completed. Current sample-mean minimum is -1.021963. New variance estimate is 0.196546.
Iteration 30 completed. Current sample-mean minimum is -1.021963. New variance estimate is 0.291130.
Iteration 31 completed. Current sample-mean minimum is -1.021963. New variance estimate is 0.031634.
Iteration 32 completed. Current sample-mean minimum is -1.021963. New variance estimate is 0.552174.
Iteration 33 completed. Current sample-mean minimum is -1.021963. New variance estimate is 0.807838.
Iteration 34 completed. Current sample-mean minimum is -1.021963. New variance estimate is 0.126488.
Iteration 35 completed. Current sample-mean minimum is -1.021963. New variance estimate is 0.139215.
Iteration 36 completed. Current sample-mean minimum is -1.021963. New variance estimate is 0.285353.
Iteration 37 completed. Current sample-mean minimum is -1.021963. New variance estimate is 0.025874.

Feasible point with lower objective function value found, but optimality criteria not satisfied. See output.bestfeasible..


Feasible point with lower objective function value found, but optimality criteria not satisfied. See output.bestfeasible..

Iteration 38 completed. Current sample-mean minimum is -1.021963. New variance estimate is 0.345850.
Iteration 39 completed. Current sample-mean minimum is -1.021963. New variance estimate is 0.025816.

Feasible point with lower objective function value found, but optimality criteria not satisfied. See output.bestfeasible..

Iteration 40 completed. Current sample-mean minimum is -1.021963. New variance estimate is 0.025795.
Iteration 41 completed. Current sample-mean minimum is -1.021963. New variance estimate is 0.117700.
Iteration 42 completed. Current sample-mean minimum is -1.021963. New variance estimate is 0.025778.

Feasible point with lower objective function value found, but optimality criteria not satisfied. See output.bestfeasible..

Iteration 43 completed. Current sample-mean minimum is -1.021963. New variance estimate is 0.050732.
Iteration 44 completed. Current sample-mean minimum is -1.021963. New variance estimate is 0.025756.
Iteration 45 completed. Current sample-mean minimum is -1.021963. New variance estimate is 0.025736.

Feasible point with lower objective function value found, but optimality criteria not satisfied. See output.bestfeasible..

Iteration 46 completed. Current sample-mean minimum is -1.021963. New variance estimate is 0.025653.

Feasible point with lower objective function value found, but optimality criteria not satisfied. See output.bestfeasible..


Feasible point with lower objective function value found, but optimality criteria not satisfied. See output.bestfeasible..

Iteration 47 completed. Current sample-mean minimum is -1.021963. New variance estimate is 0.025709.
Iteration 48 completed. Current sample-mean minimum is -1.021963. New variance estimate is 0.025649.
Iteration 49 completed. Current sample-mean minimum is -1.021963. New variance estimate is 0.029347.
Iteration 50 completed. Current sample-mean minimum is -1.021963. New variance estimate is 0.062053.
DONE sixhump_camel heter_LVGP acf=lcb param=NaN n_rep=3 seed=9 final=-1.02196 278.1s
