[Warning: Unable to locate a personal folder for $documents/MATLAB.] 

Feasible point with lower objective function value found, but optimality criteria not satisfied. See output.bestfeasible..


Feasible point with lower objective function value found, but optimality criteria not satisfied. See output.bestfeasible..


Feasible point with lower objective function value found, but optimality criteria not satisfied. See output.bestfeasible..


Feasible point with lower objective function value found, but optimality criteria not satisfied. See output.bestfeasible..


Feasible point with lower objective function value found, but optimality criteria not satisfied. See output.bestfeasible..


Feasible point with lower objective function value found, but optimality criteria not satisfied. See output.bestfeasible..

Iteration 1 completed. Current sample-mean minimum is -0.923926. New variance estimate is 0.027142.

Feasible point with lower objective function value found, but optimality criteria not satisfied. See output.bestfeasible..


Feasible point with lower objective function value found, but optimality criteria not satisfied. See output.bestfeasible..


Feasible point with lower objective function value found, but optimality criteria not satisfied. See output.bestfeasible..

Iteration 2 completed. Current sample-mean minimum is -0.992039. New variance estimate is 0.025569.

Feasible point with lower objective function value found, but optimality criteria not satisfied. See output.bestfeasible..


Feasible point with lower objective function value found, but optimality criteria not satisfied. See output.bestfeasible..


Feasible point with lower objective function value found, but optimality criteria not satisfied. See output.bestfeasible..

Iteration 3 completed. Current sample-mean minimum is -0.992039. New variance estimate is 0.091961.

Feasible point with lower objective function value found, but optimality criteria not satisfied. See output.bestfeasible..


Feasible point with lower objective function value found, but optimality criteria not satisfied. See output.bestfeasible..

Iteration 4 completed. Current sample-mean minimum is -1.018907. New variance estimate is 0.025654.

Feasible point with lower objective function value found, but optimality criteria not satisfied. See output.bestfeasible..


Feasible point with lower objective function value found, but optimality criteria not satisfied. See output.bestfeasible..

Iteration 5 completed. Current sample-mean minimum is -1.018907. New variance estimate is 0.025683.
Iteration 6 completed. Current sample-mean minimum is -1.018907. New variance estimate is 1.021791.

Feasible point with lower objective function value found, but optimality criteria not satisfied. See output.bestfeasible..


Feasible point with lower objective function value found, but optimality criteria not satisfied. See output.bestfeasible..


Feasible point with lower objective function value found, but optimality criteria not satisfied. See output.bestfeasible..

Iteration 7 completed. Current sample-mean minimum is -1.018907. New variance estimate is 0.035744.

Feasible point with lower objective function value found, but optimality criteria not satisfied. See output.bestfeasible..


Feasible point with lower objective function value found, but optimality criteria not satisfied. See output.bestfeasible..


Feasible point with lower objective function value found, but optimality criteria not satisfied. See output.bestfeasible..

Iteration 8 completed. Current sample-mean minimum is -1.018907. New variance estimate is 0.025731.

Feasible point with lower objective function value found, but optimality criteria not satisfied. See output.bestfeasible..


Feasible point with lower objective function value found, but optimality criteria not satisfied. See output.bestfeasible..


Feasible point with lower objective function value found, but optimality criteria not satisfied. See output.bestfeasible..


Feasible point with lower objective function value found, but optimality criteria not satisfied. See output.bestfeasible..

Iteration 9 completed. Current sample-mean minimum is -1.018907. New variance estimate is 0.025734.

Feasible point with lower objective function value found, but optimality criteria not satisfied. See output.bestfeasible..


Feasible point with lower objective function value found, but optimality criteria not satisfied. See output.bestfeasible..


Feasible point with lower objective function value found, but optimality criteria not satisfied. See output.bestfeasible..

Iteration 10 completed. Current sample-mean minimum is -1.018907. New variance estimate is 0.025721.
Iteration 11 completed. Current sample-mean minimum is -1.018907. New variance estimate is 0.025705.
Iteration 12 completed. Current sample-mean minimum is -1.018907. New variance estimate is 0.025715.

Feasible point with lower objective function value found, but optimality criteria not satisfied. See output.bestfeasible..

Iteration 13 completed. Current sample-mean minimum is -1.018907. New variance estimate is 0.025698.

Feasible point with lower objective function value found, but optimality criteria not satisfied. See output.bestfeasible..


Feasible point with lower objective function value found, but optimality criteria not satisfied. See output.bestfeasible..

Iteration 14 completed. Current sample-mean minimum is -1.018907. New variance estimate is 0.025699.

Feasible point with lower objective function value found, but optimality criteria not satisfied. See output.bestfeasible..


Feasible point with lower objective function value found, but optimality criteria not satisfied. See output.bestfeasible..

Iteration 15 completed. Current sample-mean minimum is -1.018907. New variance estimate is 0.025693.
Iteration 16 completed. Current sample-mean minimum is -1.018907. New variance estimate is 0.025697.
Iteration 17 completed. Current sample-mean minimum is -1.018907. New variance estimate is 0.025685.
Iteration 18 completed. Current sample-mean minimum is -1.018907. New variance estimate is 0.025691.
Iteration 19 completed. Current sample-mean minimum is -1.018907. New variance estimate is 0.025693.
Iteration 20 completed. Current sample-mean minimum is -1.018907. New variance estimate is 0.025666.

Feasible point with lower objective function value found, but optimality criteria not satisfied. See output.bestfeasible..

Iteration 21 completed. Current sample-mean minimum is -1.018907. New variance estimate is 0.025686.
Iteration 22 completed. Current sample-mean minimum is -1.018907. New variance estimate is 0.025665.
Iteration 23 completed. Current sample-mean minimum is -1.018907. New variance estimate is 0.025656.

Feasible point with lower objective function value found, but optimality criteria not satisfied. See output.bestfeasible..

Iteration 24 completed. Current sample-mean minimum is -1.018907. New variance estimate is 0.139419.

Feasible point with lower objective function value found, but optimality criteria not satisfied. See output.bestfeasible..


Feasible point with lower objective function value found, but optimality criteria not satisfied. See output.bestfeasible..


Feasible point with lower objective function value found, but optimality criteria not satisfied. See output.bestfeasible..


Feasible point with lower objective function value found, but optimality criteria not satisfied. See output.bestfeasible..

Iteration 25 completed. Current sample-mean minimum is -1.019599. New variance estimate is 0.025639.

Feasible point with lower objective function value found, but optimality criteria not satisfied. See output.bestfeasible..


Feasible point with lower objective function value found, but optimality criteria not satisfied. See output.bestfeasible..

Iteration 26 completed. Current sample-mean minimum is -1.019599. New variance estimate is 0.025643.

Feasible point with lower objective function value found, but optimality criteria not satisfied. See output.bestfeasible..


Feasible point with lower objective function value found, but optimality criteria not satisfied. See output.bestfeasible..


Feasible point with lower objective function value found, but optimality criteria not satisfied. See output.bestfeasible..


Feasible point with lower objective function value found, but optimality criteria not satisfied. See output.bestfeasible..

Iteration 27 completed. Current sample-mean minimum is -1.019684. New variance estimate is 0.025634.

Feasible point with lower objective function value found, but optimality criteria not satisfied. See output.bestfeasible..


Feasible point with lower objective function value found, but optimality criteria not satisfied. See output.bestfeasible..


Feasible point with lower objective function value found, but optimality criteria not satisfied. See output.bestfeasible..


Feasible point with lower objective function value found, but optimality criteria not satisfied. See output.bestfeasible..

Iteration 28 completed. Current sample-mean minimum is -1.019684. New variance estimate is 0.025696.

Feasible point with lower objective function value found, but optimality criteria not satisfied. See output.bestfeasible..


Feasible point with lower objective function value found, but optimality criteria not satisfied. See output.bestfeasible..


Feasible point with lower objective function value found, but optimality criteria not satisfied. See output.bestfeasible..


Solver stopped prematurely.

fmincon stopped because it exceeded the iteration limit,
options.MaxIterations = 1.000000e+02.

Iteration 29 completed. Current sample-mean minimum is -1.019684. New variance estimate is 0.025620.

Feasible point with lower objective function value found, but optimality criteria not satisfied. See output.bestfeasible..


Feasible point with lower objective function value found, but optimality criteria not satisfied. See output.bestfeasible..


Feasible point with lower objective function value found, but optimality criteria not satisfied. See output.bestfeasible..


Feasible point with lower objective function value found, but optimality criteria not satisfied. See output.bestfeasible..

Iteration 30 completed. Current sample-mean minimum is -1.019684. New variance estimate is 0.027871.

Feasible point with lower objective function value found, but optimality criteria not satisfied. See output.bestfeasible..


Solver stopped prematurely.

fmincon stopped because it exceeded the iteration limit,
options.MaxIterations = 1.000000e+02.

Iteration 31 completed. Current sample-mean minimum is -1.019684. New variance estimate is 0.094141.

Feasible point with lower objective function value found, but optimality criteria not satisfied. See output.bestfeasible..

Iteration 32 completed. Current sample-mean minimum is -1.019684. New variance estimate is 0.025755.

Feasible point with lower objective function value found, but optimality criteria not satisfied. See output.bestfeasible..

Iteration 33 completed. Current sample-mean minimum is -1.019684. New variance estimate is 0.139691.

Feasible point with lower objective function value found, but optimality criteria not satisfied. See output.bestfeasible..

Iteration 34 completed. Current sample-mean minimum is -1.019684. New variance estimate is 0.025585.
Iteration 35 completed. Current sample-mean minimum is -1.019684. New variance estimate is 0.285240.

Feasible point with lower objective function value found, but optimality criteria not satisfied. See output.bestfeasible..


Feasible point with lower objective function value found, but optimality criteria not satisfied. See output.bestfeasible..

Iteration 36 completed. Current sample-mean minimum is -1.019684. New variance estimate is 0.091961.
Iteration 37 completed. Current sample-mean minimum is -1.019684. New variance estimate is 0.278389.

Feasible point with lower objective function value found, but optimality criteria not satisfied. See output.bestfeasible..

Iteration 38 completed. Current sample-mean minimum is -1.019684. New variance estimate is 0.025577.
Iteration 39 completed. Current sample-mean minimum is -1.019684. New variance estimate is 0.025578.

Feasible point with lower objective function value found, but optimality criteria not satisfied. See output.bestfeasible..


Feasible point with lower objective function value found, but optimality criteria not satisfied. See output.bestfeasible..

Iteration 40 completed. Current sample-mean minimum is -1.019684. New variance estimate is 0.025580.

Feasible point with lower objective function value found, but optimality criteria not satisfied. See output.bestfeasible..

Iteration 41 completed. Current sample-mean minimum is -1.019684. New variance estimate is 0.035758.
Iteration 42 completed. Current sample-mean minimum is -1.019684. New variance estimate is 0.045469.
Iteration 43 completed. Current sample-mean minimum is -1.019684. New variance estimate is 0.025936.

Feasible point with lower objective function value found, but optimality criteria not satisfied. See output.bestfeasible..

Iteration 44 completed. Current sample-mean minimum is -1.019684. New variance estimate is 0.025918.
Iteration 45 completed. Current sample-mean minimum is -1.019684. New variance estimate is 0.025886.

Feasible point with lower objective function value found, but optimality criteria not satisfied. See output.bestfeasible..

Iteration 46 completed. Current sample-mean minimum is -1.019684. New variance estimate is 0.025584.
Iteration 47 completed. Current sample-mean minimum is -1.019684. New variance estimate is 0.025586.

Feasible point with lower objective function value found, but optimality criteria not satisfied. See output.bestfeasible..


Feasible point with lower objective function value found, but optimality criteria not satisfied. See output.bestfeasible..

Iteration 48 completed. Current sample-mean minimum is -1.019684. New variance estimate is 0.025588.
Iteration 49 completed. Current sample-mean minimum is -1.019684. New variance estimate is 0.025852.
Iteration 50 completed. Current sample-mean minimum is -1.019684. New variance estimate is 0.025590.
DONE sixhump_camel heter_LVGP acf=haei param=0.5 n_rep=3 seed=6 final=-1.01968 286.1s
