[Warning: Unable to locate a personal folder for $documents/MATLAB.] 
Iteration 1 completed. Current sample-mean minimum is -0.917773. New variance estimate is 0.012220.
Iteration 2 completed. Current sample-mean minimum is -0.917773. New variance estimate is 0.066274.
Iteration 3 completed. Current sample-mean minimum is -1.018834. New variance estimate is 0.011996.
Iteration 4 completed. Current sample-mean minimum is -1.018834. New variance estimate is 0.011992.

Feasible point with lower objective function value found, but optimality criteria not satisfied. See output.bestfeasible..


Feasible point with lower objective function value found, but optimality criteria not satisfied. See output.bestfeasible..

Iteration 5 completed. Current sample-mean minimum is -1.018834. New variance estimate is 0.011993.

Feasible point with lower objective function value found, but optimality criteria not satisfied. See output.bestfeasible..


Feasible point with lower objective function value found, but optimality criteria not satisfied. See output.bestfeasible..

Iteration 6 completed. Current sample-mean minimum is -1.018834. New variance estimate is 0.011996.

Feasible point with lower objective function value found, but optimality criteria not satisfied. See output.bestfeasible..


Feasible point with lower objective function value found, but optimality criteria not satisfied. See output.bestfeasible..


Feasible point with lower objective function value found, but optimality criteria not satisfied. See output.bestfeasible..


Feasible point with lower objective function value found, but optimality criteria not satisfied. See output.bestfeasible..


Feasible point with lower objective function value found, but optimality criteria not satisfied. See output.bestfeasible..


Feasible point with lower objective function value found, but optimality criteria not satisfied. See output.bestfeasible..

Iteration 7 completed. Current sample-mean minimum is -1.018962. New variance estimate is 0.011998.

Feasible point with lower objective function value found, but optimality criteria not satisfied. See output.bestfeasible..


Feasible point with lower objective function value found, but optimality criteria not satisfied. See output.bestfeasible..


Feasible point with lower objective function value found, but optimality criteria not satisfied. See output.bestfeasible..


Solver stopped prematurely.

fmincon stopped because it exceeded the iteration limit,
options.MaxIterations = 5.000000e+02.


Feasible point with lower objective function value found, but optimality criteria not satisfied. See output.bestfeasible..


Feasible point with lower objective function value found, but optimality criteria not satisfied. See output.bestfeasible..


Feasible point with lower objective function value found, but optimality criteria not satisfied. See output.bestfeasible..

Iteration 8 completed. Current sample-mean minimum is -1.019096. New variance estimate is 0.012001.

Feasible point with lower objective function value found, but optimality criteria not satisfied. See output.bestfeasible..


Feasible point with lower objective function value found, but optimality criteria not satisfied. See output.bestfeasible..


Feasible point with lower objective function value found, but optimality criteria not satisfied. See output.bestfeasible..


Feasible point with lower objective function value found, but optimality criteria not satisfied. See output.bestfeasible..

Iteration 9 completed. Current sample-mean minimum is -1.019108. New variance estimate is 0.012002.

Feasible point with lower objective function value found, but optimality criteria not satisfied. See output.bestfeasible..


Feasible point with lower objective function value found, but optimality criteria not satisfied. See output.bestfeasible..

Iteration 10 completed. Current sample-mean minimum is -1.019108. New variance estimate is 0.012003.

Feasible point with lower objective function value found, but optimality criteria not satisfied. See output.bestfeasible..


Feasible point with lower objective function value found, but optimality criteria not satisfied. See output.bestfeasible..


Feasible point with lower objective function value found, but optimality criteria not satisfied. See output.bestfeasible..


Feasible point with lower objective function value found, but optimality criteria not satisfied. See output.bestfeasible..

Iteration 11 completed. Current sample-mean minimum is -1.019108. New variance estimate is 0.012005.

Feasible point with lower objective function value found, but optimality criteria not satisfied. See output.bestfeasible..


Feasible point with lower objective function value found, but optimality criteria not satisfied. See output.bestfeasible..


Feasible point with lower objective function value found, but optimality criteria not satisfied. See output.bestfeasible..

Iteration 12 completed. Current sample-mean minimum is -1.019108. New variance estimate is 0.012007.

Feasible point with lower objective function value found, but optimality criteria not satisfied. See output.bestfeasible..


Feasible point with lower objective function value found, but optimality criteria not satisfied. See output.bestfeasible..


Feasible point with lower objective function value found, but optimality criteria not satisfied. See output.bestfeasible..

Iteration 13 completed. Current sample-mean minimum is -1.019108. New variance estimate is 0.012008.

Feasible point with lower objective function value found, but optimality criteria not satisfied. See output.bestfeasible..


Feasible point with lower objective function value found, but optimality criteria not satisfied. See output.bestfeasible..

Iteration 14 completed. Current sample-mean minimum is -1.019108. New variance estimate is 0.012010.

Feasible point with lower objective function value found, but optimality criteria not satisfied. See output.bestfeasible..


Feasible point with lower objective function value found, but optimality criteria not satisfied. See output.bestfeasible..


Feasible point with lower objective function value found, but optimality criteria not satisfied. See output.bestfeasible..

Iteration 15 completed. Current sample-mean minimum is -1.019108. New variance estimate is 0.012008.

Feasible point with lower objective function value found, but optimality criteria not satisfied. See output.bestfeasible..


Feasible point with lower objective function value found, but optimality criteria not satisfied. See output.bestfeasible..


Feasible point with lower objective function value found, but optimality criteria not satisfied. See output.bestfeasible..

Iteration 16 completed. Current sample-mean minimum is -1.019108. New variance estimate is 0.012012.

Feasible point with lower objective function value found, but optimality criteria not satisfied. See output.bestfeasible..

Iteration 17 completed. Current sample-mean minimum is -1.019108. New variance estimate is 0.012014.

Feasible point with lower objective function value found, but optimality criteria not satisfied. See output.bestfeasible..

Iteration 18 completed. Current sample-mean minimum is -1.019108. New variance estimate is 0.012015.

Feasible point with lower objective function value found, but optimality criteria not satisfied. See output.bestfeasible..


Feasible point with lower objective function value found, but optimality criteria not satisfied. See output.bestfeasible..

Iteration 19 completed. Current sample-mean minimum is -1.019108. New variance estimate is 0.012016.
Iteration 20 completed. Current sample-mean minimum is -1.019108. New variance estimate is 0.012018.
Iteration 21 completed. Current sample-mean minimum is -1.019108. New variance estimate is 0.012018.

Feasible point with lower objective function value found, but optimality criteria not satisfied. See output.bestfeasible..

Iteration 22 completed. Current sample-mean minimum is -1.019108. New variance estimate is 0.012019.

Feasible point with lower objective function value found, but optimality criteria not satisfied. See output.bestfeasible..

Iteration 23 completed. Current sample-mean minimum is -1.019108. New variance estimate is 0.012020.
Iteration 24 completed. Current sample-mean minimum is -1.019108. New variance estimate is 0.012020.

Feasible point with lower objective function value found, but optimality criteria not satisfied. See output.bestfeasible..


Feasible point with lower objective function value found, but optimality criteria not satisfied. See output.bestfeasible..


Solver stopped prematurely.

fmincon stopped because it exceeded the iteration limit,
options.MaxIterations = 1.000000e+02.

Iteration 25 completed. Current sample-mean minimum is -1.019108. New variance estimate is 0.012021.
Iteration 26 completed. Current sample-mean minimum is -1.019108. New variance estimate is 0.012022.

Feasible point with lower objective function value found, but optimality criteria not satisfied. See output.bestfeasible..

Iteration 27 completed. Current sample-mean minimum is -1.019108. New variance estimate is 0.012023.

Feasible point with lower objective function value found, but optimality criteria not satisfied. See output.bestfeasible..


Feasible point with lower objective function value found, but optimality criteria not satisfied. See output.bestfeasible..

Iteration 28 completed. Current sample-mean minimum is -1.019108. New variance estimate is 0.012023.

Feasible point with lower objective function value found, but optimality criteria not satisfied. See output.bestfeasible..


Feasible point with lower objective function value found, but optimality criteria not satisfied. See output.bestfeasible..


Solver stopped prematurely.

fmincon stopped because it exceeded the iteration limit,
options.MaxIterations = 1.000000e+02.

Iteration 29 completed. Current sample-mean minimum is -1.019108. New variance estimate is 0.012024.
Iteration 30 completed. Current sample-mean minimum is -1.019108. New variance estimate is 0.012025.
Iteration 31 completed. Current sample-mean minimum is -1.019108. New variance estimate is 0.012025.

Feasible point with lower objective function value found, but optimality criteria not satisfied. See output.bestfeasible..


Solver stopped prematurely.

fmincon stopped because it exceeded the iteration limit,
options.MaxIterations = 1.000000e+02.

Iteration 32 completed. Current sample-mean minimum is -1.019108. New variance estimate is 0.012026.

Feasible point with lower objective function value found, but optimality criteria not satisfied. See output.bestfeasible..


Feasible point with lower objective function value found, but optimality criteria not satisfied. See output.bestfeasible..


Solver stopped prematurely.

fmincon stopped because it exceeded the function evaluation limit,
options.MaxFunctionEvaluations = 1.000000e+03.

Iteration 33 completed. Current sample-mean minimum is -1.019108. New variance estimate is 0.012027.

Feasible point with lower objective function value found, but optimality criteria not satisfied. See output.bestfeasible..

Iteration 34 completed. Current sample-mean minimum is -1.019108. New variance estimate is 0.012025.
Iteration 35 completed. Current sample-mean minimum is -1.019108. New variance estimate is 0.012028.

Feasible point with lower objective function value found, but optimality criteria not satisfied. See output.bestfeasible..


Feasible point with lower objective function value found, but optimality criteria not satisfied. See output.bestfeasible..

Iteration 36 completed. Current sample-mean minimum is -1.019108. New variance estimate is 0.012028.

Feasible point with lower objective function value found, but optimality criteria not satisfied. See output.bestfeasible..

Iteration 37 completed. Current sample-mean minimum is -1.019108. New variance estimate is 0.012029.

Feasible point with lower objective function value found, but optimality criteria not satisfied. See output.bestfeasible..

Iteration 38 completed. Current sample-mean minimum is -1.019108. New variance estimate is 0.012029.

Solver stopped prematurely.

fmincon stopped because it exceeded the iteration limit,
options.MaxIterations = 1.000000e+02.

Iteration 39 completed. Current sample-mean minimum is -1.019108. New variance estimate is 0.012030.

Feasible point with lower objective function value found, but optimality criteria not satisfied. See output.bestfeasible..

Iteration 40 completed. Current sample-mean minimum is -1.019108. New variance estimate is 0.012030.

Feasible point with lower objective function value found, but optimality criteria not satisfied. See output.bestfeasible..

Iteration 41 completed. Current sample-mean minimum is -1.019108. New variance estimate is 0.012030.

Solver stopped prematurely.

fmincon stopped because it exceeded the iteration limit,
options.MaxIterations = 1.000000e+02.

Iteration 42 completed. Current sample-mean minimum is -1.019108. New variance estimate is 0.012031.

Solver stopped prematurely.

fmincon stopped because it exceeded the iteration limit,
options.MaxIterations = 1.000000e+02.

Iteration 43 completed. Current sample-mean minimum is -1.019108. New variance estimate is 0.012031.

Solver stopped prematurely.

fmincon stopped because it exceeded the iteration limit,
options.MaxIterations = 1.000000e+02.

Iteration 44 completed. Current sample-mean minimum is -1.019108. New variance estimate is 0.012031.
Iteration 45 completed. Current sample-mean minimum is -1.019108. New variance estimate is 0.012036.

Solver stopped prematurely.

fmincon stopped because it exceeded the iteration limit,
options.MaxIterations = 1.000000e+02.

Iteration 46 completed. Current sample-mean minimum is -1.019108. New variance estimate is 0.012032.

Solver stopped prematurely.

fmincon stopped because it exceeded the iteration limit,
options.MaxIterations = 1.000000e+02.

Iteration 47 completed. Current sample-mean minimum is -1.019108. New variance estimate is 0.012032.

Feasible point with lower objective function value found, but optimality criteria not satisfied. See output.bestfeasible..


Feasible point with lower objective function value found, but optimality criteria not satisfied. See output.bestfeasible..

Iteration 48 completed. Current sample-mean minimum is -1.019108. New variance estimate is 0.012033.

Feasible point with lower objective function value found, but optimality criteria not satisfied. See output.bestfeasible..

Iteration 49 completed. Current sample-mean minimum is -1.019108. New variance estimate is 0.012034.

Feasible point with lower objective function value found, but optimality criteria not satisfied. See output.bestfeasible..


Solver stopped prematurely.

fmincon stopped because it exceeded the iteration limit,
options.MaxIterations = 1.000000e+02.

Iteration 50 completed. Current sample-mean minimum is -1.019108. New variance estimate is 0.012033.
DONE sixhump_camel heter_LVGP acf=ei param=NaN n_rep=10 seed=16 final=-1.01911 346.5s
