[Warning: Unable to locate a personal folder for $documents/MATLAB.] 
Iteration 1 completed. Current sample-mean minimum is 0.082792. New variance estimate is 0.217113.
Iteration 2 completed. Current sample-mean minimum is 0.082792. New variance estimate is 0.478429.
Iteration 3 completed. Current sample-mean minimum is 0.082792. New variance estimate is 0.076549.

Feasible point with lower objective function value found, but optimality criteria not satisfied. See output.bestfeasible..

Iteration 4 completed. Current sample-mean minimum is 0.082792. New variance estimate is 0.076548.

Feasible point with lower objective function value found, but optimality criteria not satisfied. See output.bestfeasible..

Iteration 5 completed. Current sample-mean minimum is 0.082792. New variance estimate is 0.128339.

Feasible point with lower objective function value found, but optimality criteria not satisfied. See output.bestfeasible..

Iteration 6 completed. Current sample-mean minimum is 0.082792. New variance estimate is 0.043059.

Feasible point with lower objective function value found, but optimality criteria not satisfied. See output.bestfeasible..


Feasible point with lower objective function value found, but optimality criteria not satisfied. See output.bestfeasible..

Iteration 7 completed. Current sample-mean minimum is -0.764808. New variance estimate is 0.012465.
Iteration 8 completed. Current sample-mean minimum is -0.764808. New variance estimate is 0.012187.
Iteration 9 completed. Current sample-mean minimum is -1.018464. New variance estimate is 0.012011.
Iteration 10 completed. Current sample-mean minimum is -1.018464. New variance estimate is 0.011992.
Iteration 11 completed. Current sample-mean minimum is -1.018464. New variance estimate is 0.133389.
Iteration 12 completed. Current sample-mean minimum is -1.018464. New variance estimate is 0.043059.
Iteration 13 completed. Current sample-mean minimum is -1.019029. New variance estimate is 0.012005.
Iteration 14 completed. Current sample-mean minimum is -1.019029. New variance estimate is 0.012005.
Iteration 15 completed. Current sample-mean minimum is -1.019095. New variance estimate is 0.012000.
Iteration 16 completed. Current sample-mean minimum is -1.019095. New variance estimate is 0.011998.
Iteration 17 completed. Current sample-mean minimum is -1.019095. New variance estimate is 0.012006.
Iteration 18 completed. Current sample-mean minimum is -1.019095. New variance estimate is 0.011996.

Feasible point with lower objective function value found, but optimality criteria not satisfied. See output.bestfeasible..

Iteration 19 completed. Current sample-mean minimum is -1.019095. New variance estimate is 0.011996.
Iteration 20 completed. Current sample-mean minimum is -1.019095. New variance estimate is 0.011997.

Feasible point with lower objective function value found, but optimality criteria not satisfied. See output.bestfeasible..

Iteration 21 completed. Current sample-mean minimum is -1.019095. New variance estimate is 0.011997.
Iteration 22 completed. Current sample-mean minimum is -1.019095. New variance estimate is 0.011999.

Feasible point with lower objective function value found, but optimality criteria not satisfied. See output.bestfeasible..

Iteration 23 completed. Current sample-mean minimum is -1.019095. New variance estimate is 0.012004.
Iteration 24 completed. Current sample-mean minimum is -1.019095. New variance estimate is 0.011987.
Iteration 25 completed. Current sample-mean minimum is -1.019095. New variance estimate is 0.012023.
Iteration 26 completed. Current sample-mean minimum is -1.019095. New variance estimate is 0.011988.
Iteration 27 completed. Current sample-mean minimum is -1.019095. New variance estimate is 0.012021.

Feasible point with lower objective function value found, but optimality criteria not satisfied. See output.bestfeasible..

Iteration 28 completed. Current sample-mean minimum is -1.019095. New variance estimate is 0.011985.
Iteration 29 completed. Current sample-mean minimum is -1.019095. New variance estimate is 0.012023.

Feasible point with lower objective function value found, but optimality criteria not satisfied. See output.bestfeasible..

Iteration 30 completed. Current sample-mean minimum is -1.019095. New variance estimate is 0.011985.

Feasible point with lower objective function value found, but optimality criteria not satisfied. See output.bestfeasible..


Feasible point with lower objective function value found, but optimality criteria not satisfied. See output.bestfeasible..

Iteration 31 completed. Current sample-mean minimum is -1.019095. New variance estimate is 0.012025.

Feasible point with lower objective function value found, but optimality criteria not satisfied. See output.bestfeasible..


Feasible point with lower objective function value found, but optimality criteria not satisfied. See output.bestfeasible..


Feasible point with lower objective function value found, but optimality criteria not satisfied. See output.bestfeasible..

Iteration 32 completed. Current sample-mean minimum is -1.019095. New variance estimate is 0.011984.
Iteration 33 completed. Current sample-mean minimum is -1.019095. New variance estimate is 0.012026.

Feasible point with lower objective function value found, but optimality criteria not satisfied. See output.bestfeasible..

Iteration 34 completed. Current sample-mean minimum is -1.019095. New variance estimate is 0.011984.
Iteration 35 completed. Current sample-mean minimum is -1.019095. New variance estimate is 0.012027.

Feasible point with lower objective function value found, but optimality criteria not satisfied. See output.bestfeasible..


Feasible point with lower objective function value found, but optimality criteria not satisfied. See output.bestfeasible..

Iteration 36 completed. Current sample-mean minimum is -1.019095. New variance estimate is 0.012024.

Feasible point with lower objective function value found, but optimality criteria not satisfied. See output.bestfeasible..


Feasible point with lower objective function value found, but optimality criteria not satisfied. See output.bestfeasible..


Feasible point with lower objective function value found, but optimality criteria not satisfied. See output.bestfeasible..

Iteration 37 completed. Current sample-mean minimum is -1.019095. New variance estimate is 0.011982.
Iteration 38 completed. Current sample-mean minimum is -1.019095. New variance estimate is 0.012025.

Feasible point with lower objective function value found, but optimality criteria not satisfied. See output.bestfeasible..


Feasible point with lower objective function value found, but optimality criteria not satisfied. See output.bestfeasible..


Feasible point with lower objective function value found, but optimality criteria not satisfied. See output.bestfeasible..


Feasible point with lower objective function value found, but optimality criteria not satisfied. See output.bestfeasible..


Feasible point with lower objective function value found, but optimality criteria not satisfied. See output.bestfeasible..

Iteration 39 completed. Current sample-mean minimum is -1.019095. New variance estimate is 0.011985.

Feasible point with lower objective function value found, but optimality criteria not satisfied. See output.bestfeasible..

Iteration 40 completed. Current sample-mean minimum is -1.019095. New variance estimate is 0.012026.

Feasible point with lower objective function value found, but optimality criteria not satisfied. See output.bestfeasible..


Feasible point with lower objective function value found, but optimality criteria not satisfied. See output.bestfeasible..

Iteration 41 completed. Current sample-mean minimum is -1.019095. New variance estimate is 0.011983.
Iteration 42 completed. Current sample-mean minimum is -1.019095. New variance estimate is 0.012026.

Feasible point with lower objective function value found, but optimality criteria not satisfied. See output.bestfeasible..


Feasible point with lower objective function value found, but optimality criteria not satisfied. See output.bestfeasible..


Feasible point with lower objective function value found, but optimality criteria not satisfied. See output.bestfeasible..

Iteration 43 completed. Current sample-mean minimum is -1.019095. New variance estimate is 0.011984.
Iteration 44 completed. Current sample-mean minimum is -1.019095. New variance estimate is 0.012026.
Iteration 45 completed. Current sample-mean minimum is -1.019095. New variance estimate is 0.012024.

Feasible point with lower objective function value found, but optimality criteria not satisfied. See output.bestfeasible..

Iteration 46 completed. Current sample-mean minimum is -1.019095. New variance estimate is 0.011983.

Feasible point with lower objective function value found, but optimality criteria not satisfied. See output.bestfeasible..

Iteration 47 completed. Current sample-mean minimum is -1.019095. New variance estimate is 0.012024.

Feasible point with lower objective function value found, but optimality criteria not satisfied. See output.bestfeasible..


Feasible point with lower objective function value found, but optimality criteria not satisfied. See output.bestfeasible..

Iteration 48 completed. Current sample-mean minimum is -1.019095. New variance estimate is 0.011984.
Iteration 49 completed. Current sample-mean minimum is -1.019095. New variance estimate is 0.012024.

Feasible point with lower objective function value found, but optimality criteria not satisfied. See output.bestfeasible..

Iteration 50 completed. Current sample-mean minimum is -1.019095. New variance estimate is 0.011985.
DONE sixhump_camel heter_LVGP acf=anpei param=0.8 n_rep=10 seed=24 final=-1.01909 282.0s
